1. git 설치

2. git hub 저장소 생성
echo "# hotelReservation" >> README.md
git init
git add README.md
git commit -m "first commit"
git branch -M main
git remote add origin https://github.com/yanga1118/hotelReservation.git
git push -u origin main

2. git 최초 Commit.
  1) cmd 창에서 프로젝트 경로로 이동
     ex) cd work/hotelreservation

  2) git 초기화 
     - git init 명령어 cmd 창에 입력
        C:\work\hotelreservation>git init
        Initialized empty Git repository in C:/work/hotelreservation/.git/ <--이런 메시지 나오면 성공

  3) git status 입력(관리해야할 파일이 확인됨)
      -C:\work\hotelreservation>git status
	On branch master

	No commits yet

	Untracked files:
  	(use "git add <file>..." to include in what will be committed)
   	     Payment/
    	    Reservation/
   	     Room/
   	     frontend/
    	    gateway/
     	   kubernetes/

	nothing added to commit but untracked files present (use "git add" to track)

  4) git add . (모든 파일 tracked)
     - C:\work\hotelreservation>git add . 
	warning: LF will be replaced by CRLF in Payment/.gitignore.
	The file will have its original line endings in your working directory
	warning: LF will be replaced by CRLF in Payment/Dockerfile.
	The file will have its original line endings in your working directory
	warning: LF will be replaced by CRLF in Payment/azure-pipelines.yml.
	The file will have its original line endings in your working directory
	warning: LF will be replaced by CRLF in Payment/cloudbuild.yaml.
	The file will have its original line endings in your working directory

  5) gitHub 연동(로그인)
     $ git config --global user.name "Your Name" -- 사용자 이름
     $ git config --global user.email you@example.com -- 사용자 이메일
    - C:\work\hotelreservation>git config --global user.name "yanga1118"

    - C:\work\hotelreservation>git config --global user.email yanga1118@naver.com

  6) git commit -m (주석 달기)
     C:\work\hotelreservation>git commit -m "inital commit"

   7) main branch 세팅
    - git branch -M main

   8) git remote에 add 
    -  git remote add origin https://github.com/yanga1118/hotelReservation.git

   9) git push
   -  git push -u origin main
